[debug] [2026-01-11T12:19:14.467Z] ----------------------------------------------------------------------
[debug] [2026-01-11T12:19:14.469Z] Command:       /usr/local/share/nvm/versions/node/v24.11.1/bin/node /home/codespace/nvm/current/bin/firebase init
[debug] [2026-01-11T12:19:14.470Z] CLI Version:   15.2.1
[debug] [2026-01-11T12:19:14.470Z] Platform:      linux
[debug] [2026-01-11T12:19:14.470Z] Node Version:  v24.11.1
[debug] [2026-01-11T12:19:14.470Z] Time:          Sun Jan 11 2026 12:19:14 GMT+0000 (Coordinated Universal Time)
[debug] [2026-01-11T12:19:14.470Z] ----------------------------------------------------------------------
[debug] 
[info] 
     ######## #### ########  ######## ########     ###     ######  ########
     ##        ##  ##     ## ##       ##     ##  ##   ##  ##       ##
     ######    ##  ########  ######   ########  #########  ######  ######
     ##        ##  ##    ##  ##       ##     ## ##     ##       ## ##
     ##       #### ##     ## ######## ########  ##     ##  ######  ########

You're about to initialize a Firebase project in this directory:

  /workspaces/InYourBox/inyourbox

Before we get started, keep in mind:

  * You are currently outside your home directory

[info] 
=== Project Setup
[info] 
[info] First, let's associate this project directory with a Firebase project.
[info] You can create multiple project aliases by running firebase use --add, 
[info] 
[debug] [2026-01-11T12:22:06.236Z] > command requires scopes: ["email","openid","https://www.googleapis.com/auth/cloudplatformprojects.readonly","https://www.googleapis.com/auth/firebase","https://www.googleapis.com/auth/cloud-platform"]
[debug] [2026-01-11T12:22:06.236Z] > authorizing via signed-in user (vs7361455@gmail.com)
[debug] [2026-01-11T12:22:06.238Z] Checked if tokens are valid: true, expires at: 1768137546139
[debug] [2026-01-11T12:22:06.238Z] Checked if tokens are valid: true, expires at: 1768137546139
[debug] [2026-01-11T12:22:06.239Z] >>> [apiv2][query] GET https://firebase.googleapis.com/v1beta1/projects pageSize=100
[debug] [2026-01-11T12:22:06.845Z] <<< [apiv2][status] GET https://firebase.googleapis.com/v1beta1/projects 200
[debug] [2026-01-11T12:22:06.845Z] <<< [apiv2][body] GET https://firebase.googleapis.com/v1beta1/projects [omitted]
[info] 
=== Hosting Setup
[debug] [2026-01-11T12:22:16.983Z] Checked if tokens are valid: true, expires at: 1768137546139
[debug] [2026-01-11T12:22:16.983Z] Checked if tokens are valid: true, expires at: 1768137546139
[debug] [2026-01-11T12:22:16.984Z] >>> [apiv2][query] GET https://firebase.googleapis.com/v1beta1/projects/inyourboxvs7 [none]
[debug] [2026-01-11T12:22:17.335Z] <<< [apiv2][status] GET https://firebase.googleapis.com/v1beta1/projects/inyourboxvs7 200
[debug] [2026-01-11T12:22:17.335Z] <<< [apiv2][body] GET https://firebase.googleapis.com/v1beta1/projects/inyourboxvs7 {"projectId":"inyourboxvs7","projectNumber":"603206079892","displayName":"InYourBox","name":"projects/inyourboxvs7","resources":{"hostingSite":"inyourboxvs7"},"state":"ACTIVE","etag":"1_afcb99f2-8040-41bb-b075-e18fd8882700"}
[info] 
[info] Your public directory is the folder (relative to your project directory) that
[info] will contain Hosting assets to be uploaded with firebase deploy. If you
[info] have a build process for your assets, use your build's output directory.
[info] 
